Autoinstall configuration found on cidata drive; skipping the configurator.

    Installing Omarchy for omarchy → /mnt

    › Preparing live environment

    › cleaning up holders on install disk: /dev/vda
Cleaning up existing holders on install disk: /dev/vda

    › loading configurator output

    › Preparing install target

    › Installing Arch + Omarchy

    › partitioning + formatting + encrypting
Wiping partitions and metadata: /dev/vda
Creating partitions: /dev/vda
Creating subvolumes: /dev/vda2

    › opening installer context
Skipping waiting for automatic time sync (this can cause issues if time is out of sync during installation)
Skipped reflector...

    › installing base system (mkinitcpio deferred to final Limine UKI build)
Wrote to /mnt/etc/vconsole.conf using  and default8x16
Installing packages: ['base', 'sudo', 'linux-firmware', 'mkinitcpio', 'linux', 'btrfs-progs']
==> Creating install root at /mnt
gpg: /mnt//etc/pacman.d/gnupg/trustdb.gpg: trustdb created
gpg: no ultimately trusted keys found
gpg: starting migration from earlier GnuPG versions
gpg: porting secret keys from '/mnt//etc/pacman.d/gnupg/secring.gpg' to gpg-agent
gpg: migration succeeded
==> Generating pacman master key. This may take some time.
gpg: Generating pacman keyring master key...
gpg: directory '/mnt//etc/pacman.d/gnupg/openpgp-revocs.d' created
gpg: revocation certificate stored as '/mnt//etc/pacman.d/gnupg/openpgp-revocs.d/02F29509489BEE6D73F3017DA98CCE09340D17A9.rev'
gpg: Done
==> Updating trust database...
gpg: marginals needed: 3  completes needed: 1  trust model: pgp
gpg: depth: 0  valid:   1  signed:   0  trust: 0-, 0q, 0n, 0m, 0f, 1u
==> Installing packages to /mnt
:: Synchronizing package databases...
 offline downloading...
resolving dependencies...
looking for conflicting packages...

Packages (156) acl-2.4.0-1  archlinux-keyring-20260727-1  attr-2.6.0-1  audit-4.2.1-1  bash-5.3.15-1  binutils-2.47-4  brotli-1.2.0-1  bzip2-1.0.8-6
               ca-certificates-20240618-1  ca-certificates-mozilla-3.128-1  ca-certificates-utils-20240618-1  coreutils-9.11-2  cryptsetup-2.8.7-1
               curl-8.21.0-1  dbus-1.16.2-1  dbus-broker-37-3  dbus-broker-units-37-3  dbus-units-37-3  device-mapper-2.03.42-1  diffutils-3.12-2
               e2fsprogs-1.47.4-1  expat-2.8.3-1  file-5.48-1  filesystem-2025.10.12-1  findutils-4.11.0-1  gawk-5.4.1-1  gcc-libs-16.2.1+r23+gd564253eb6c8-1
               gdbm-1.26-2  gettext-1.0-2  glib2-2.88.3-1  glibc-2.44+r24+g16be1518495f-1  gmp-6.3.0-3  gnulib-l10n-20241231-1  gnupg-2.4.9-3  gnutls-3.8.13-2
               gpgme-2.1.2-1  grep-3.12-2  gzip-1.14-2  hwdata-0.410-1  iana-etc-20260617-1  icu-78.3-1  iproute2-7.2.0-1  iptables-1:1.8.13-1
               iputils-20250605-1  jansson-2.15.1-1  json-c-0.19-1  kbd-2.10.0-1  keyutils-1.6.3-4  kmod-34.2-1  krb5-1.22.2-1  leancrypto-1.8.0-1
               libarchive-3.8.9-1  libasan-16.2.1+r23+gd564253eb6c8-1  libassuan-3.0.0-1  libatomic-16.2.1+r23+gd564253eb6c8-1  libbpf-1.7.0-1  libcap-2.78-1
               libcap-ng-0.9.5-1  libelf-0.196-1  libevent-2.1.13-2  libffi-3.8.0-1  libgcc-16.2.1+r23+gd564253eb6c8-1  libgcrypt-1.12.3-1
               libgfortran-16.2.1+r23+gd564253eb6c8-1  libgomp-16.2.1+r23+gd564253eb6c8-1  libgpg-error-1.61-1  libhwasan-16.2.1+r23+gd564253eb6c8-1
               libidn2-2.3.8-1  libksba-1.8.1-1  libldap-2.6.13-1  liblsan-16.2.1+r23+gd564253eb6c8-1  libmakepkg-dropins-20-2  libmnl-1.0.5-2
               libnetfilter_conntrack-1.1.1-1  libnfnetlink-1.0.2-2  libnftnl-1.3.1-1  libnghttp2-1.70.0-1  libnghttp3-1.18.0-1  libngtcp2-1.25.0-1
               libnl-3.12.0-1  libnsl-2.0.1-2  libobjc-16.2.1+r23+gd564253eb6c8-1  libp11-kit-0.26.5-1  libpcap-1.10.6-1  libpsl-0.21.5-2
               libquadmath-16.2.1+r23+gd564253eb6c8-1  libsasl-2.1.28-5  libseccomp-2.6.0-1  libsecret-0.21.7-1  libssh2-1.11.1-7
               libstdc++-16.2.1+r23+gd564253eb6c8-1  libsysprof-capture-50.0-6  libtasn1-4.21.0-1  libtirpc-1.3.7-1  libtsan-16.2.1+r23+gd564253eb6c8-1
               libubsan-16.2.1+r23+gd564253eb6c8-1  libunistring-1.4.2-1  libusb-1.0.30-1  libverto-0.3.2-6  libxcrypt-4.5.2-1  libxml2-2.15.3-1
               licenses-20240728-1  linux-api-headers-7.2-1  linux-firmware-amdgpu-20260810-2  linux-firmware-atheros-20260810-2
               linux-firmware-broadcom-20260810-2  linux-firmware-cirrus-20260810-2  linux-firmware-intel-20260810-2  linux-firmware-mediatek-20260810-2
               linux-firmware-nvidia-20260810-2  linux-firmware-other-20260810-2  linux-firmware-radeon-20260810-2  linux-firmware-realtek-20260810-2
               linux-firmware-whence-20260810-2  lmdb-0.9.35-1  lz4-1:1.10.0-2  lzo-2.10-5  mkinitcpio-busybox-1.36.1-1  mpfr-4.2.2-1  ncurses-6.6-2
               nettle-4.0-1  nftables-1:1.1.6-3  npth-1.8-1  openssl-3.6.4-1  p11-kit-0.26.5-1  pacman-7.1.0.r9.g54d9411-2  pacman-mirrorlist-20260610-1
               pam-1.7.2-2  pambase-20260616-1  pciutils-3.15.0-1  pcre2-10.47-1  pinentry-1.3.3-1  popt-1.19-2  procps-ng-4.0.7-1  psmisc-23.7-2
               readline-8.3.003-1  sed-4.10-2  shadow-4.20.0.arch1-1  sqlite-3.53.4-1  systemd-261.2-1  systemd-libs-261.2-1  systemd-sysvcompat-261.2-1
               tar-1.35-5  tpm2-tss-4.2.0-2  tzdata-2026c-1  util-linux-2.42.2-1  util-linux-libs-2.42.2-1  xz-5.8.3-1  zlib-1:1.3.2-3  zstd-1.5.7-3  base-3-3
               btrfs-progs-7.1-1  linux-7.1.11.arch1-1  linux-firmware-20260810-2  mkinitcpio-41.1-1  sudo-1.9.17.p2-6

Total Installed Size:  1083.27 MiB

:: Proceed with installation? [Y/n] 
checking keyring...
checking package integrity...
loading package files...
checking for file conflicts...
:: Processing package changes...
installing iana-etc...
installing filesystem...
warning: directory permissions differ on /mnt/boot/
filesystem: 700  package: 755
installing linux-api-headers...
installing tzdata...
Optional dependencies for tzdata
    bash: for tzselect [pending]
    glibc: for zdump, zic [pending]
installing glibc...
Optional dependencies for glibc
    gd: for memusagestat
    perl: for mtrace
installing libgcc...
installing libstdc++...
installing libasan...
installing libatomic...
installing libgfortran...
installing libgomp...
installing libhwasan...
installing liblsan...
installing libobjc...
installing libquadmath...
installing libtsan...
installing libubsan...
installing gcc-libs...
installing ncurses...
Optional dependencies for ncurses
    bash: for ncursesw6-config [pending]
installing readline...
installing bash...
Optional dependencies for bash
    bash-completion: for tab completion
installing acl...
installing attr...
installing gmp...
installing zlib...
installing sqlite...
installing util-linux-libs...
Optional dependencies for util-linux-libs
    python: python bindings to libmount
installing e2fsprogs...
Optional dependencies for e2fsprogs
    lvm2: for e2scrub
    util-linux: for e2scrub [pending]
    smtp-forwarder: for e2scrub_fail script
installing keyutils...
installing gdbm...
installing brotli...
installing xz...
installing lz4...
installing zstd...
installing openssl...
Optional dependencies for openssl
    ca-certificates [pending]
    perl
installing libsasl...
installing libldap...
installing libevent...
Optional dependencies for libevent
    python: event_rpcgen.py
installing libverto...
installing lmdb...
installing krb5...
installing libcap-ng...
installing audit...
Optional dependencies for audit
    audispd-plugins: for audit event dispatcher plugins
    audispd-plugins-zos: for z/OS audit event dispatcher plugin
installing libxcrypt...
installing libtirpc...
installing libnsl...
installing pambase...
installing libgpg-error...
installing libgcrypt...
installing systemd-libs...
installing pam...
installing libcap...
installing coreutils...
installing bzip2...
installing libseccomp...
installing file...
installing findutils...
installing mpfr...
installing gawk...
installing pcre2...
Optional dependencies for pcre2
    sh: for pcre2-config [installed]
installing grep...
installing procps-ng...
installing sed...
installing tar...
installing libtasn1...
installing libffi...
installing libp11-kit...
installing p11-kit...
installing ca-certificates-utils...
installing ca-certificates-mozilla...
installing ca-certificates...
installing libunistring...
installing libidn2...
installing libnghttp2...
installing libnghttp3...
installing nettle...
installing leancrypto...
installing gnutls...
Optional dependencies for gnutls
    tpm2-tss: support for TPM2 wrapped keys [pending]
installing libngtcp2...
installing libpsl...
installing libssh2...
installing curl...
installing json-c...
installing gnulib-l10n...
installing icu...
installing libxml2...
Optional dependencies for libxml2
    python: Python bindings
installing gettext...
Optional dependencies for gettext
    git: for autopoint infrastructure updates
    appstream: for appstream support
installing hwdata...
installing kmod...
installing pciutils...
Optional dependencies for pciutils
    which: for update-pciids
    grep: for update-pciids [installed]
    curl: for update-pciids [installed]
installing psmisc...
installing shadow...
installing util-linux...
Optional dependencies for util-linux
    words: default dictionary for look
installing gzip...
Optional dependencies for gzip
    less: zless support
    util-linux: zmore support [installed]
    diffutils: zdiff/zcmp support [pending]
installing licenses...
installing libksba...
installing libusb...
installing libassuan...
installing libsysprof-capture...
installing glib2...
Optional dependencies for glib2
    dconf: GSettings storage backend
    glib2-devel: development tools
    gvfs: most gio functionality
installing tpm2-tss...
installing libsecret...
Optional dependencies for libsecret
    org.freedesktop.secrets: secret storage backend
installing pinentry...
Optional dependencies for pinentry
    gcr: GNOME backend
    gtk3: GTK backend
    kguiaddons: Qt6 backend
    kwindowsystem: Qt6 backend
installing npth...
installing gnupg...
Optional dependencies for gnupg
    pcsclite: for using scdaemon not with the gnupg internal card driver
installing gpgme...
installing libarchive...
installing pacman-mirrorlist...
installing device-mapper...
installing popt...
installing cryptsetup...
installing expat...
installing dbus...
installing dbus-broker...
installing dbus-broker-units...
installing dbus-units...
installing kbd...
installing libelf...
installing systemd...
Initializing machine ID from random generator.
Creating group 'sys' with GID 3.
Creating group 'mem' with GID 8.
Creating group 'ftp' with GID 11.
Creating group 'mail' with GID 12.
Creating group 'log' with GID 19.
Creating group 'smmsp' with GID 25.
Creating group 'proc' with GID 26.
Creating group 'games' with GID 50.
Creating group 'lock' with GID 54.
Creating group 'network' with GID 90.
Creating group 'floppy' with GID 94.
Creating group 'scanner' with GID 96.
Creating group 'power' with GID 98.
Creating group 'nobody' with GID 65534.
Creating group 'adm' with GID 999.
Creating group 'wheel' with GID 998.
Creating group 'empower' with GID 997.
Creating group 'utmp' with GID 996.
Creating group 'audio' with GID 995.
Creating group 'clock' with GID 994.
Creating group 'disk' with GID 993.
Creating group 'input' with GID 992.
Creating group 'kmem' with GID 991.
Creating group 'kvm' with GID 990.
Creating group 'lp' with GID 989.
Creating group 'optical' with GID 988.
Creating group 'render' with GID 987.
Creating group 'sgx' with GID 986.
Creating group 'storage' with GID 985.
Creating group 'tty' with GID 5.
Creating group 'uucp' with GID 984.
Creating group 'video' with GID 983.
Creating group 'users' with GID 982.
Creating group 'systemd-journal' with GID 981.
Creating group 'rfkill' with GID 980.
Creating group 'bin' with GID 1.
Creating user 'bin' (n/a) with UID 1 and GID 1.
Creating group 'daemon' with GID 2.
Creating user 'daemon' (n/a) with UID 2 and GID 2.
Creating user 'mail' (n/a) with UID 8 and GID 12.
Creating user 'ftp' (n/a) with UID 14 and GID 11.
Creating group 'http' with GID 33.
Creating user 'http' (n/a) with UID 33 and GID 33.
Creating user 'nobody' (Kernel Overflow User) with UID 65534 and GID 65534.
Creating group 'dbus' with GID 81.
Creating user 'dbus' (System Message Bus) with UID 81 and GID 81.
Creating group 'systemd-coredump' with GID 979.
Creating user 'systemd-coredump' (systemd Core Dumper) with UID 979 and GID 979.
Creating group 'systemd-imds' with GID 978.
Creating user 'systemd-imds' (systemd Instance Metadata) with UID 978 and GID 978.
Creating group 'systemd-network' with GID 977.
Creating user 'systemd-network' (systemd Network Management) with UID 977 and GID 977.
Creating group 'systemd-oom' with GID 976.
Creating user 'systemd-oom' (systemd Userspace OOM Killer) with UID 976 and GID 976.
Creating group 'systemd-journal-remote' with GID 975.
Creating user 'systemd-journal-remote' (systemd Journal Remote) with UID 975 and GID 975.
Creating group 'systemd-resolve' with GID 974.
Creating user 'systemd-resolve' (systemd Resolver) with UID 974 and GID 974.
Creating group 'systemd-timesync' with GID 973.
Creating user 'systemd-timesync' (systemd Time Synchronization) with UID 973 and GID 973.
Creating group 'tss' with GID 972.
Creating user 'tss' (tss user for tpm2) with UID 972 and GID 972.
Creating group 'uuidd' with GID 971.
Creating user 'uuidd' (UUID generator helper daemon) with UID 971 and GID 971.
Created symlink '/etc/systemd/system/autovt@.service' -> '/usr/lib/systemd/system/getty@.service'.
Created symlink '/etc/systemd/system/getty.target.wants/getty@tty1.service' -> '/usr/lib/systemd/system/getty@.service'.
Created symlink '/etc/systemd/system/multi-user.target.wants/remote-fs.target' -> '/usr/lib/systemd/system/remote-fs.target'.
Created symlink '/etc/systemd/system/sockets.target.wants/systemd-userdbd.socket' -> '/usr/lib/systemd/system/systemd-userdbd.socket'.
Optional dependencies for systemd
    apparmor: additional security features
    curl: systemd-journal-upload, machinectl pull-tar and pull-raw [installed]
    gnutls: systemd-journal-gatewayd and systemd-journal-remote [installed]
    iptables: firewall features [pending]
    libarchive: convert DDIs to tarballs [installed]
    libbpf: support BPF programs [pending]
    libfido2: unlocking LUKS2 volumes with FIDO2 token
    libmicrohttpd: systemd-journal-gatewayd and systemd-journal-remote
    libp11-kit: support PKCS#11 [installed]
    libpwquality: check password quality
    polkit: allow administration as unprivileged user
    qemu-base: systemd-vmspawn
    qrencode: show QR codes
    quota-tools: kernel-level quota management
    systemd-sysvcompat: symlink package to provide sysvinit binaries [pending]
    systemd-ukify: combine kernel and initrd into a signed Unified Kernel Image
    tpm2-tss: unlocking LUKS2 volumes with TPM2 [installed]
installing jansson...
installing binutils...
Optional dependencies for binutils
    debuginfod: for debuginfod server/client functionality
    perl: for gprofng-display-html
installing libmakepkg-dropins...
installing pacman...
warning: directory permissions differ on /mnt/var/cache/pacman/pkg/
filesystem: 775  package: 755
Optional dependencies for pacman
    base-devel: required to use makepkg
    perl-locale-gettext: translation support in makepkg-template
installing archlinux-keyring...
==> Appending keys from archlinux.gpg...
==> Locally signing trusted keys in keyring...
  -> Locally signed 5 keys.
==> Importing owner trust values...
gpg: setting ownertrust to 4
gpg: setting ownertrust to 4
gpg: setting ownertrust to 4
gpg: inserting ownertrust of 4
gpg: setting ownertrust to 4
==> Disabling revoked keys in keyring...
  -> Disabled 38 keys.
==> Updating trust database...
gpg: Note: third-party key signatures using the SHA1 algorithm are rejected
gpg: (use option "--allow-weak-key-signatures" to override)
gpg: marginals needed: 3  completes needed: 1  trust model: pgp
gpg: depth: 0  valid:   1  signed:   5  trust: 0-, 0q, 0n, 0m, 0f, 1u
gpg: depth: 1  valid:   5  signed:  88  trust: 0-, 0q, 0n, 5m, 0f, 0u
gpg: depth: 2  valid:  77  signed:  18  trust: 77-, 0q, 0n, 0m, 0f, 0u
gpg: next trustdb check due at 2026-10-21
installing systemd-sysvcompat...
installing iputils...
installing libmnl...
installing libnfnetlink...
installing libnetfilter_conntrack...
installing libnftnl...
installing libnl...
installing libpcap...
installing nftables...
Optional dependencies for nftables
    python: Python bindings
    python-jsonschema: Python bindings
installing iptables...
installing libbpf...
installing iproute2...
Optional dependencies for iproute2
    db: userspace arp daemon
    linux-atm: ATM support
    python: for routel
installing base...
Optional dependencies for base
    linux: bare metal support [pending]
installing sudo...
installing linux-firmware-whence...
installing linux-firmware-amdgpu...
installing linux-firmware-atheros...
installing linux-firmware-broadcom...
installing linux-firmware-cirrus...
installing linux-firmware-intel...
installing linux-firmware-mediatek...
installing linux-firmware-nvidia...
installing linux-firmware-other...
installing linux-firmware-radeon...
installing linux-firmware-realtek...
installing linux-firmware...
Optional dependencies for linux-firmware
    linux-firmware-liquidio: Firmware for Cavium LiquidIO server adapters
    linux-firmware-marvell: Firmware for Marvell devices
    linux-firmware-mellanox: Firmware for Mellanox Spectrum switches
    linux-firmware-nfp: Firmware for Netronome Flow Processors
    linux-firmware-qcom: Firmware for Qualcomm SoCs
    linux-firmware-qlogic: Firmware for QLogic devices
installing mkinitcpio-busybox...
installing diffutils...
installing mkinitcpio...
Optional dependencies for mkinitcpio
    xz: Use lzma or xz compression for the initramfs image [installed]
    bzip2: Use bzip2 compression for the initramfs image [installed]
    lzop: Use lzo compression for the initramfs image
    lz4: Use lz4 compression for the initramfs image [installed]
    mkinitcpio-nfs-utils: Support for root filesystem on NFS
    systemd-ukify: alternative UKI generator
installing linux...
Optional dependencies for linux
    linux-headers: headers and scripts for building modules
    linux-firmware: firmware images needed for some devices [installed]
    scx-scheds: to use sched-ext schedulers
    wireless-regdb: to set the correct wireless channels of your country
installing lzo...
installing btrfs-progs...
Optional dependencies for btrfs-progs
    python: libbtrfsutil python bindings
    e2fsprogs: btrfs-convert [installed]
:: Running post-transaction hooks...
( 1/15) Generating the configured locale...
Generating locales...
Generation complete.
( 2/15) Configuring dynamic linker run-time bindings...
( 3/15) Creating iconv module configuration cache...
( 4/15) Creating system user accounts...
Creating group 'alpm' with GID 970.
Creating user 'alpm' (Arch Linux Package Management) with UID 970 and GID 970.
( 5/15) Creating temporary files...
( 6/15) Updating journal message catalog...
( 7/15) Updating udev hardware database...
( 8/15) Applying kernel sysctl settings...
  Skipped: Running in chroot.
( 9/15) Reloading system manager configuration...
  Skipped: Running in chroot.
(10/15) Reloading user manager configuration...
  Skipped: Running in chroot.
(11/15) Reloading device manager configuration...
  Skipped: Running in chroot.
(12/15) Arming ConditionNeedsUpdate...
(13/15) Rebuilding certificate stores...
(14/15) Updating module dependencies...
(15/15) Reloading system bus configuration...
  Skipped: Running in chroot.


Setting keyboard language to 
Keyboard language was not changed from default (no language specified)
Setting up swap on zram
Installing packages: ['zram-generator']
==> Creating install root at /mnt
==> Installing packages to /mnt
:: Synchronizing package databases...
 offline downloading...
resolving dependencies...
looking for conflicting packages...

Packages (1) zram-generator-1.2.1-1

Total Installed Size:  0.75 MiB

:: Proceed with installation? [Y/n] 
checking keyring...
checking package integrity...
loading package files...
checking for file conflicts...
:: Processing package changes...
installing zram-generator...
:: Running post-transaction hooks...
(1/2) Reloading system manager configuration...
  Skipped: Running in chroot.
(2/2) Arming ConditionNeedsUpdate...


Zram compression algorithm: zstd
Enabling service systemd-zram-setup@zram0.service

    › installing early Omarchy packages: limine, efibootmgr, omarchy-keyring, omarchy-server-settings
Installing packages: ['limine', 'efibootmgr', 'omarchy-keyring', 'omarchy-server-settings']
==> Creating install root at /mnt
==> Installing packages to /mnt
:: Synchronizing package databases...
 offline downloading...
resolving dependencies...
looking for conflicting packages...

Packages (5) efivar-39-2  efibootmgr-18-4  limine-12.6.1-1  omarchy-keyring-20251027-1  omarchy-server-settings-4.0.1-5

Total Installed Size:  5.88 MiB

:: Proceed with installation? [Y/n] 
checking keyring...
checking package integrity...
loading package files...
checking for file conflicts...
:: Processing package changes...
installing limine...
installing efivar...
installing efibootmgr...
installing omarchy-keyring...
==> Appending keys from omarchy.gpg...
==> Locally signing trusted keys in keyring...
  -> Locally signed 1 key.
==> Importing owner trust values...
gpg: inserting ownertrust of 4
==> Updating trust database...
gpg: Note: third-party key signatures using the SHA1 algorithm are rejected
gpg: (use option "--allow-weak-key-signatures" to override)
gpg: marginals needed: 3  completes needed: 1  trust model: pgp
gpg: depth: 0  valid:   1  signed:   6  trust: 0-, 0q, 0n, 0m, 0f, 1u
gpg: depth: 1  valid:   6  signed:  88  trust: 0-, 0q, 0n, 6m, 0f, 0u
gpg: depth: 2  valid:  77  signed:  18  trust: 77-, 0q, 0n, 0m, 0f, 0u
gpg: next trustdb check due at 2026-10-21
installing omarchy-server-settings...
warning: directory permissions differ on /mnt/etc/sudoers.d/
filesystem: 750  package: 755
Applying Omarchy Server etc-overrides...
:: Running post-transaction hooks...
(1/1) Arming ConditionNeedsUpdate...



    › installing bootloader (Limine)
BootCurrent: 0002
Timeout: 0 seconds
BootOrder: 0005,0003,0002,0000,0001,0004
Boot0000* BootManagerMenuApp	FvVol(7cb8bdc9-f8eb-4f34-aaea-3ee4af6516a1)/FvFile(eec25bdc-67f2-4d95-b1d5-f81b2039d11d)
      dp: 04 07 14 00 c9 bd b8 7c eb f8 34 4f aa ea 3e e4 af 65 16 a1 / 04 06 14 00 dc 5b c2 ee f2 67 95 4d b1 d5 f8 1b 20 39 d1 1d / 7f ff 04 00
Boot0001* EFI Firmware Setup	FvVol(7cb8bdc9-f8eb-4f34-aaea-3ee4af6516a1)/FvFile(462caa21-7614-4503-836e-8ab6f4662331)
      dp: 04 07 14 00 c9 bd b8 7c eb f8 34 4f aa ea 3e e4 af 65 16 a1 / 04 06 14 00 21 aa 2c 46 14 76 03 45 83 6e 8a b6 f4 66 23 31 / 7f ff 04 00
Boot0002* UEFI QEMU DVD-ROM QM00001 	PciRoot(0x0)/Pci(0x1f,0x2)/Sata(0,65535,0)걎脈鼑䵙຅᫢ⱒ뉙
      dp: 02 01 0c 00 d0 41 03 0a 00 00 00 00 / 01 01 06 00 02 1f / 03 12 0a 00 00 00 ff ff 00 00 / 7f ff 04 00
    data: 4e ac 08 81 11 9f 59 4d 85 0e e2 1a 52 2c 59 b2
Boot0003* UEFI Misc Device	PciRoot(0x0)/Pci(0x2,0x0)걎脈鼑䵙຅᫢ⱒ뉙
      dp: 02 01 0c 00 d0 41 03 0a 00 00 00 00 / 01 01 06 00 00 02 / 7f ff 04 00
    data: 4e ac 08 81 11 9f 59 4d 85 0e e2 1a 52 2c 59 b2
Boot0004* EFI Internal Shell	FvVol(7cb8bdc9-f8eb-4f34-aaea-3ee4af6516a1)/FvFile(7c04a583-9e3e-4f1c-ad65-e05268d0b4d1)
      dp: 04 07 14 00 c9 bd b8 7c eb f8 34 4f aa ea 3e e4 af 65 16 a1 / 04 06 14 00 83 a5 04 7c 3e 9e 1c 4f ad 65 e0 52 68 d0 b4 d1 / 7f ff 04 00
Boot0005* Limine	HD(1,GPT,7af208be-c4a0-402b-b55a-975b3733e035,0x800,0x400000)/\EFI\limine\limine_x64.efi
      dp: 04 01 2a 00 01 00 00 00 00 08 00 00 00 00 00 00 00 00 40 00 00 00 00 00 be 08 f2 7a a0 c4 2b 40 b5 5a 97 5b 37 33 e0 35 02 02 / 04 04 3a 00 5c 00 45 00 46 00 49 00 5c 00 6c 00 69 00 6d 00 69 00 6e 00 65 00 5c 00 6c 00 69 00 6d 00 69 00 6e 00 65 00 5f 00 78 00 36 00 34 00 2e 00 65 00 66 00 69 00 00 00 / 7f ff 04 00

    › writing Limine config

    › creating user (with /etc/skel populated)
Creating user omarchy
Setting password for omarchy
Enabling sudo permissions for omarchy

    › installing Omarchy runtime + omarchy-base.packages
Installing packages: ['omarchy-server', 'btrfs-progs', 'mkinitcpio', 'limine-mkinitcpio-hook', 'limine-snapper-sync', 'kernel-modules-hook', 'openssh', 'nano', 'sudo', 'ufw', 'pacman-contrib', 'starship', 'tzupdate', 'zram-generator']
==> Creating install root at /mnt
==> Installing packages to /mnt
:: Synchronizing package databases...
 offline downloading...
warning: btrfs-progs-7.1-1 is up to date -- skipping
warning: mkinitcpio-41.1-1 is up to date -- skipping
warning: sudo-1.9.17.p2-6 is up to date -- skipping
warning: zram-generator-1.2.1-1 is up to date -- skipping
resolving dependencies...
looking for conflicting packages...

Packages (58) boost-libs-1.92.0-1  bubblewrap-0.12.0-1  cairo-1.18.4-1  dav1d-1.5.4-1  fontconfig-2:2.18.3-2  freetype2-2.14.3-1  fribidi-1.0.16-2
              gdk-pixbuf2-2.44.7-1  giflib-6.1.3-2  glycin-2.1.5-2  gperftools-2.18.1-1  graphite-1:1.3.15-1  gtest-1.17.0-2  gum-2.0.0-1  harfbuzz-14.4.0-1
              highway-1.4.0-1  jbigkit-2.1-8  lcms2-2.19.1-1  libdatrie-0.2.14-1  libdeflate-1.26-1  libedit-20260512_3.1-1  libjpeg-turbo-3.2.0-2
              libjxl-0.12.0-1  libnotify-0.8.8-1  libpng-1.6.58-2  librsvg-2:2.62.3-1  libthai-0.1.30-1  libtiff-4.7.2-1  libunwind-1.8.2-1  libwebp-1.6.0-2
              libx11-1.8.13-1  libxau-1.0.12-1  libxcb-1.17.0-1  libxdmcp-1.1.5-2  libxext-1.3.7-1  libxft-2.3.9-1  libxrender-0.9.12-1  mpdecimal-4.0.1-3
              omarchy-server-keyring-20260828-1  pango-1:1.58.2-1  pixman-0.46.4-1  python-3.14.7-1  rsync-3.5.0-1  shared-mime-info-2.5.1-2  snapper-0.13.1-3
              xcb-proto-1.17.0-4  xorgproto-2025.1-1  xxhash-0.8.3-1  kernel-modules-hook-0.1.7-3  limine-mkinitcpio-hook-1.37.1-1
              limine-snapper-sync-1.31.0-1  nano-9.2-1  omarchy-server-4.0.1-12  openssh-10.5p1-1  pacman-contrib-1.13.1-1  starship-1.26.0-1  tzupdate-3.1.0-1
              ufw-0.36.2-7

Total Installed Size:  312.81 MiB

:: Proceed with installation? [Y/n] 
checking keyring...
checking package integrity...
loading package files...
checking for file conflicts...
:: Processing package changes...
installing omarchy-server-keyring...
==> Appending keys from omarchy-server.gpg...
==> Locally signing trusted keys in keyring...
  -> Locally signed 1 key.
==> Importing owner trust values...
gpg: inserting ownertrust of 4
==> Updating trust database...
gpg: Note: third-party key signatures using the SHA1 algorithm are rejected
gpg: (use option "--allow-weak-key-signatures" to override)
gpg: marginals needed: 3  completes needed: 1  trust model: pgp
gpg: depth: 0  valid:   1  signed:   7  trust: 0-, 0q, 0n, 0m, 0f, 1u
gpg: depth: 1  valid:   7  signed:  88  trust: 0-, 0q, 0n, 7m, 0f, 0u
gpg: depth: 2  valid:  77  signed:  18  trust: 77-, 0q, 0n, 0m, 0f, 0u
gpg: next trustdb check due at 2026-10-21
installing limine-mkinitcpio-hook...
Optional dependencies for limine-mkinitcpio-hook
    kernel-modules-hook: Safely keeps kernel on upgrade failure [pending]
    sbctl: Signs UEFI boot files for Secure Boot when enabled
    journalctl-desktop-notification: Sends desktop notifications when errors occur
installing boost-libs...
Optional dependencies for boost-libs
    openmpi: for mpi support
installing snapper...
Optional dependencies for snapper
    pam: pam_snapper [installed]
installing bubblewrap...
installing libpng...
installing freetype2...
Optional dependencies for freetype2
    harfbuzz: Improved autohinting [pending]
installing fontconfig...
Creating fontconfig configuration...
Rebuilding fontconfig cache...
installing xcb-proto...
installing xorgproto...
installing libxdmcp...
installing libxau...
installing libxcb...
installing libx11...
installing libxext...
installing libxrender...
installing pixman...
installing cairo...
installing libjpeg-turbo...
installing jbigkit...
installing libdeflate...
installing libwebp...
Optional dependencies for libwebp
    libwebp-utils: WebP conversion and inspection tools
installing libtiff...
Optional dependencies for libtiff
    freeglut: for using tiffgt
installing lcms2...
installing giflib...
installing libunwind...
installing gperftools...
installing gtest...
Optional dependencies for gtest
    python: gmock generator [pending]
installing highway...
installing libjxl...
Optional dependencies for libjxl
    java-runtime: for JNI bindings
installing dav1d...
Optional dependencies for dav1d
    dav1d-doc: HTML documentation
installing graphite...
Optional dependencies for graphite
    graphite-docs: Documentation
installing harfbuzz...
Optional dependencies for harfbuzz
    harfbuzz-utils: utilities
installing fribidi...
installing libdatrie...
installing libthai...
installing libxft...
installing pango...
installing librsvg...
installing glycin...
Optional dependencies for glycin
    libheif: Load .avif, .heic and .heif
installing shared-mime-info...
installing gdk-pixbuf2...
Optional dependencies for gdk-pixbuf2
    libheif: Load .avif, .heic and .heif
    libopenraw: Load .arw, .cr2, .crw, .dng, .erf, .mrw, .nef, .orf, .pef and .raf
    libwmf: Load .apm and .wmf
installing libnotify...
installing limine-snapper-sync...
Optional dependencies for limine-snapper-sync
    limine-dracut-support: Automates kernel installation/removal and Limine boot entry management.
    limine-mkinitcpio-hook: Automates kernel installation/removal and Limine boot entry management. [installed]
    inotify-tools: Monitors when snapshots are created or deleted.
    rsync: Alternative method for restoring snapshots. [pending]
    b3sum: Fast Blake3 hash function to prevent duplication.
    xxhash: Fast hashing utility for deduplication with shorter hashes. [pending]
installing gum...
installing pacman-contrib...
Optional dependencies for pacman-contrib
    diffutils: for pacdiff [installed]
    fakeroot: for checkupdates
    findutils: for pacdiff --find [installed]
    mlocate: for pacdiff --locate
    plocate: faster mlocate alternative
    perl: for pacsearch
    sudo: privilege elevation for several scripts [installed]
    vim: default diff program for pacdiff
    neovim: default diff program for pacdiff if EDITOR=nvim
installing omarchy-server...
Optional dependencies for omarchy-server
    git: dev-channel checkout (omarchy-update-dev, omarchy-channel-set)
    jq: JSON handling in the desktop-oriented commands
    yay: install AUR packages with omarchy-pkg-aur-install
    docker: container runtime, installed by `omarchy-server-addon docker`
    ufw: firewall configured by install/server/firewall-server.sh [pending]
    tailscale: private network, installed by `omarchy-server-addon tailscale`
installing xxhash...
installing rsync...
Optional dependencies for rsync
    python: for rrsync [pending]
installing kernel-modules-hook...
installing libedit...
installing openssh...
Optional dependencies for openssh
    libfido2: FIDO/U2F support
    sh: for ssh-copy-id and findssl.sh [installed]
    x11-ssh-askpass: input passphrase in X
    xorg-xauth: X11 forwarding
installing nano...
installing mpdecimal...
installing python...
Optional dependencies for python
    python-setuptools: for building Python packages using tooling that is usually bundled with Python
    python-pip: for installing Python packages using tooling that is usually bundled with Python
    python-pipx: for installing Python software not packaged on Arch Linux
    sqlite: for a default database integration [installed]
    xz: for lzma [installed]
    tk: for tkinter
installing ufw...
installing starship...
Optional dependencies for starship
    ttf-font-nerd: Nerd Font Symbols preset
installing tzupdate...
:: Running post-transaction hooks...
(1/8) Creating temporary files...
(2/8) Reloading system manager configuration...
  Skipped: Running in chroot.
(3/8) Reloading user manager configuration...
  Skipped: Running in chroot.
(4/8) Updating the MIME type database...
(5/8) Arming ConditionNeedsUpdate...
(6/8) Updating fontconfig configuration...
(7/8) Reloading system bus configuration...
  Skipped: Running in chroot.
(8/8) Updating fontconfig cache...




    › Configuring hibernation

    › server profile: skipping hibernation

    › Configuring system
=== Omarchy Target Setup Started: 2026-08-29 22:43:18 ===
=== Omarchy Setup Started: 2026-08-29 22:43:18 ===
[2026-08-29 19:43:18] Starting: /usr/share/omarchy/install/server/increase-lockout-limit-server.sh
[2026-08-29 19:43:18] Completed: /usr/share/omarchy/install/server/increase-lockout-limit-server.sh
[2026-08-29 19:43:18] Starting: /usr/share/omarchy/install/server/ssh-command-path-server.sh
[2026-08-29 19:43:18] Completed: /usr/share/omarchy/install/server/ssh-command-path-server.sh
[2026-08-29 19:43:18] Starting: /usr/share/omarchy/install/config/ssh-keepalive.sh
[2026-08-29 19:43:18] Completed: /usr/share/omarchy/install/config/ssh-keepalive.sh
[2026-08-29 19:43:18] Starting: /usr/share/omarchy/install/server/sshd-hardening-server.sh
[2026-08-29 19:43:18] Completed: /usr/share/omarchy/install/server/sshd-hardening-server.sh
[2026-08-29 19:43:18] Starting: /usr/share/omarchy/install/config/snapper.sh
Configuring Omarchy Snapper snapshot retention
[2026-08-29 19:43:19] Completed: /usr/share/omarchy/install/config/snapper.sh
[2026-08-29 19:43:19] Starting: /usr/share/omarchy/install/server/limine-branding-server.sh
[2026-08-29 19:43:19] Completed: /usr/share/omarchy/install/server/limine-branding-server.sh
[2026-08-29 19:43:19] Starting: /usr/share/omarchy/install/server/network-server.sh
[2026-08-29 19:43:19] Completed: /usr/share/omarchy/install/server/network-server.sh
[2026-08-29 19:43:19] Starting: /usr/share/omarchy/install/server/root-migration-state-server.sh
[2026-08-29 19:43:19] Completed: /usr/share/omarchy/install/server/root-migration-state-server.sh
[2026-08-29 19:43:19] Starting: /usr/share/omarchy/install/server/enable-services-server.sh
Created symlink '/etc/systemd/system/default.target' → '/usr/lib/systemd/system/multi-user.target'.
Created symlink '/etc/systemd/system/multi-user.target.wants/sshd.service' → '/usr/lib/systemd/system/sshd.service'.
Created symlink '/etc/systemd/system/dbus-org.freedesktop.network1.service' → '/usr/lib/systemd/system/systemd-networkd.service'.
Created symlink '/etc/systemd/system/multi-user.target.wants/systemd-networkd.service' → '/usr/lib/systemd/system/systemd-networkd.service'.
Created symlink '/etc/systemd/system/sockets.target.wants/systemd-networkd.socket' → '/usr/lib/systemd/system/systemd-networkd.socket'.
Created symlink '/etc/systemd/system/sockets.target.wants/systemd-networkd-varlink.socket' → '/usr/lib/systemd/system/systemd-networkd-varlink.socket'.
Created symlink '/etc/systemd/system/sockets.target.wants/systemd-networkd-varlink-metrics.socket' → '/usr/lib/systemd/system/systemd-networkd-varlink-metrics.socket'.
Created symlink '/etc/systemd/system/sockets.target.wants/systemd-networkd-resolve-hook.socket' → '/usr/lib/systemd/system/systemd-networkd-resolve-hook.socket'.
Created symlink '/etc/systemd/system/sysinit.target.wants/systemd-network-generator.service' → '/usr/lib/systemd/system/systemd-network-generator.service'.
Unit /etc/systemd/system/systemd-networkd-wait-online.service is masked, ignoring.
Created symlink '/etc/systemd/system/dbus-org.freedesktop.resolve1.service' → '/usr/lib/systemd/system/systemd-resolved.service'.
Created symlink '/etc/systemd/system/sysinit.target.wants/systemd-resolved.service' → '/usr/lib/systemd/system/systemd-resolved.service'.
Created symlink '/etc/systemd/system/sockets.target.wants/systemd-resolved-varlink.socket' → '/usr/lib/systemd/system/systemd-resolved-varlink.socket'.
Created symlink '/etc/systemd/system/sockets.target.wants/systemd-resolved-monitor.socket' → '/usr/lib/systemd/system/systemd-resolved-monitor.socket'.
Created symlink '/etc/systemd/system/basic.target.wants/linux-modules-cleanup.service' → '/usr/lib/systemd/system/linux-modules-cleanup.service'.
Created symlink '/etc/systemd/system/dbus-org.freedesktop.oom1.service' → '/usr/lib/systemd/system/systemd-oomd.service'.
Created symlink '/etc/systemd/system/multi-user.target.wants/systemd-oomd.service' → '/usr/lib/systemd/system/systemd-oomd.service'.
Created symlink '/etc/systemd/system/sockets.target.wants/systemd-oomd.socket' → '/usr/lib/systemd/system/systemd-oomd.socket'.
Created symlink '/etc/systemd/system/getty.target.wants/serial-getty@ttyS0.service' → '/usr/lib/systemd/system/serial-getty@.service'.
Created symlink '/etc/systemd/system/multi-user.target.wants/omarchy-tty-palette.service' → '/usr/lib/systemd/system/omarchy-tty-palette.service'.
[2026-08-29 19:43:19] Completed: /usr/share/omarchy/install/server/enable-services-server.sh
[2026-08-29 19:43:19] Starting: /usr/share/omarchy/install/server/unattended-updates-server.sh
[2026-08-29 19:43:19] Completed: /usr/share/omarchy/install/server/unattended-updates-server.sh
[2026-08-29 19:43:19] Starting: /usr/share/omarchy/install/server/firewall-server.sh
Default incoming policy changed to 'deny'
(be sure to update your rules accordingly)
Default outgoing policy changed to 'allow'
(be sure to update your rules accordingly)
Rules updated
Rules updated (v6)
Created symlink '/etc/systemd/system/multi-user.target.wants/ufw.service' → '/usr/lib/systemd/system/ufw.service'.
[2026-08-29 19:43:19] Completed: /usr/share/omarchy/install/server/firewall-server.sh
[2026-08-29 19:43:19] Starting: /usr/share/omarchy/install/server/post-install-pacman-server.sh
[2026-08-29 19:43:19] Completed: /usr/share/omarchy/install/server/post-install-pacman-server.sh
[2026-08-29 19:43:19] Starting: /usr/share/omarchy/install/post-install/udev.sh
[2026-08-29 19:43:19] Completed: /usr/share/omarchy/install/post-install/udev.sh
[2026-08-29 19:43:19] Starting: /usr/share/omarchy/install/server/prune-pkg-cache-server.sh
warning: database file for 'core' does not exist (use '-Sy' to download)
warning: database file for 'extra' does not exist (use '-Sy' to download)
warning: database file for 'multilib' does not exist (use '-Sy' to download)
warning: database file for 'omarchy' does not exist (use '-Sy' to download)
warning: database file for 'omarchy-server' does not exist (use '-Sy' to download)
==> no candidate packages found for pruning
[2026-08-29 19:43:19] Completed: /usr/share/omarchy/install/server/prune-pkg-cache-server.sh
=== Omarchy Setup Completed: 2026-08-29 19:43:19 ===
Omarchy setup: 0m 1s

    › Installing addons

    › installing addon: tui-firewall
Installing addon 'tui-firewall': tui-firewall
:: Synchronizing package databases...
 offline downloading...
resolving dependencies...
looking for conflicting packages...

Packages (1) tui-firewall-0.1.0-1

Total Download Size:   1.48 MiB
Total Installed Size:  3.70 MiB

:: Proceed with installation? [Y/n] 
:: Retrieving packages...
 tui-firewall-0.1.0-1-x86_64 downloading...
checking keyring...
checking package integrity...
loading package files...
checking for file conflicts...
:: Running pre-transaction hooks...
(1/1) Waiting for limine-snapper-sync to finish...
:: Processing package changes...
installing tui-firewall...
Optional dependencies for tui-firewall
    ufw: the firewall backend the default configuration drives [installed]
    sudo: privilege escalation, unless tui-firewall is started as root [installed]
:: Running post-transaction hooks...
(1/1) Arming ConditionNeedsUpdate...
Addon 'tui-firewall' installed.

    › installing addon: tui-systemd
Installing addon 'tui-systemd': tui-systemd
:: Synchronizing package databases...
 offline downloading...
resolving dependencies...
looking for conflicting packages...

Packages (1) tui-systemd-0.1.0-1

Total Download Size:   1.74 MiB
Total Installed Size:  4.28 MiB

:: Proceed with installation? [Y/n] 
:: Retrieving packages...
 tui-systemd-0.1.0-1-x86_64 downloading...
checking keyring...
checking package integrity...
loading package files...
checking for file conflicts...
:: Running pre-transaction hooks...
(1/1) Waiting for limine-snapper-sync to finish...
:: Processing package changes...
installing tui-systemd...
Optional dependencies for tui-systemd
    sudo: privilege escalation for actions, unless started as root [installed]
:: Running post-transaction hooks...
(1/1) Arming ConditionNeedsUpdate...
Addon 'tui-systemd' installed.
==> no candidate packages found for pruning
warning: database file for 'core' does not exist (use '-Sy' to download)
warning: database file for 'extra' does not exist (use '-Sy' to download)
warning: database file for 'multilib' does not exist (use '-Sy' to download)
warning: database file for 'omarchy' does not exist (use '-Sy' to download)
warning: database file for 'omarchy-server' does not exist (use '-Sy' to download)
==> no candidate packages found for pruning

    › Staging provisioning

    › stashing Node tarball for offline first-boot setup

    › Finalizing Limine boot
Updating Limine fallback EFI...
Updating /boot/EFI/limine/limine_x64.efi...
Creating a backup /boot/EFI/limine/limine_x64.bak...
Limine EFI update completed successfully.
Building UKI for linux (7.1.11-arch1-1)
==> Using drop-in configuration file: 'omarchy_hooks.conf'
==> Starting build: '7.1.11-arch1-1'
  -> Running build hook: [base]
  -> Running build hook: [udev]
  -> Running build hook: [keyboard]
==> WARNING: Possibly missing firmware for module: 'xhci_pci_renesas'
  -> Running build hook: [autodetect]
  -> Running build hook: [microcode]
  -> Running build hook: [modconf]
  -> Running build hook: [kms]
  -> Running build hook: [keymap]
  -> Running build hook: [consolefont]
  -> Running build hook: [block]
  -> Running build hook: [encrypt]
==> WARNING: Possibly missing firmware for module: 'qat_6xxx'
  -> Running build hook: [filesystems]
  -> Running build hook: [fsck]
  -> Running build hook: [btrfs-overlayfs]
==> Generating module dependencies
==> Creating zstd-compressed initcpio image
  -> Early uncompressed CPIO image generation successful
==> Initcpio image generation successful
==> Creating unified kernel image: '/tmp/limine-mkinitcpio.VYy2pw/linux.efi'
==> Unified kernel image generation successful
Copied: /tmp/limine-mkinitcpio.VYy2pw/linux.efi -> /boot/EFI/Linux/omarchy_linux.efi
Updated: /boot/limine.conf

    › Finalizing user
User finalization complete.
