[2J[001;001H[=3h[2J[001;001H[2J[001;001H[8;042;160t[2J[001;001H[2J[001;001H[8;056;240t[2J[001;001HBdsDxe: failed to load Boot0003 "UEFI Misc Device" from PciRoot(0x0)/Pci(0x2,0x0): Not Found
BdsDxe: loading Boot0002 "UEFI QEMU DVD-ROM QM00001 " from PciRoot(0x0)/Pci(0x1F,0x2)/Sata(0x0,0xFFFF,0x0)
BdsDxe: starting Boot0002 "UEFI QEMU DVD-ROM QM00001 " from PciRoot(0x0)/Pci(0x1F,0x2)/Sata(0x0,0xFFFF,0x0)
[0m[30m[40m[2J[001;001H[0m[37m[40m[H[J[1;1H[2J[001;001H[=3h[2J[001;001H[2J[001;001H[8;042;160t[2J[001;001H[2J[001;001H[8;056;240t[2J[001;001HBdsDxe: loading Boot0005 "Limine" from HD(1,GPT,CCE1FF86-AF7E-48DD-A2EC-5099B54BB2F1,0x800,0x400000)/\EFI\limine\limine_x64.efi
BdsDxe: starting Boot0005 "Limine" from HD(1,GPT,CCE1FF86-AF7E-48DD-A2EC-5099B54BB2F1,0x800,0x400000)/\EFI\limine\limine_x64.efi
[001;001H[001;001H[    0.061415] virt/tdx: TDX not supported by the host platform
[!p]104\[0m[?7h[1G[0J7[32766;32766H[6n8[!p]104\[0m[?7h[1G[0J7[32766;32766H[6n8]3008;start=3bca94ebf2514e448275d2a43db3ee37;user=root;hostname=omarchy;machineid=c598df7e6895486b8cb950fe15f9b75d;bootid=7a240fdf3fae4339bfe70f09db0f1f56;pid=555;pidfdid=8345;comm=(agetty);servicename=serial-getty@ttyS0.service;invocationid=09427a9b42134787a183e26eea0d152d;type=service\P+q6E616D65\
[1;32mOmarchy Server[0m [32m4.0.1[0m
[2mhost[0m omarchy   [2mtty[0m ttyS0   [2mipv4[0m 10.0.2.15

omarchy login: [!p]104\[0m[?7h[1G[0J7[32766;32766H[6n8]3008;end=3bca94ebf2514e448275d2a43db3ee37\[   16.972460] watchdog: watchdog0: watchdog did not stop!
[   17.022669] watchdog: watchdog0: watchdog did not stop!
[   17.443129] watchdog: watchdog0: watchdog did not stop!
[   17.447173] reboot: Restarting system
[2J[001;001H[=3h[2J[001;001H[2J[001;001H[8;042;160t[2J[001;001H[2J[001;001H[8;056;240t[2J[001;001HBdsDxe: loading Boot0005 "Limine" from HD(1,GPT,CCE1FF86-AF7E-48DD-A2EC-5099B54BB2F1,0x800,0x400000)/\EFI\limine\limine_x64.efi
BdsDxe: starting Boot0005 "Limine" from HD(1,GPT,CCE1FF86-AF7E-48DD-A2EC-5099B54BB2F1,0x800,0x400000)/\EFI\limine\limine_x64.efi
[001;001H[001;001H[    0.061340] virt/tdx: TDX not supported by the host platform
[!p]104\[0m[?7h[1G[0J7[32766;32766H[6n8[!p]104\[0m[?7h[1G[0J7[32766;32766H[6n8]3008;start=ba72854a7b9644c9879442a531e4c3fa;user=root;hostname=omarchy;machineid=c598df7e6895486b8cb950fe15f9b75d;bootid=abf032a332794617bac5e64d85bcba91;pid=523;pidfdid=12405;comm=(agetty);servicename=serial-getty@ttyS0.service;invocationid=02f44d66a7d140278539e04cd9fd70ec;type=service\P+q6E616D65\
[1;32mOmarchy Server[0m [32m4.0.1[0m
[2mhost[0m omarchy   [2mtty[0m ttyS0   [2mipv4[0m 10.0.2.15

omarchy login: 